[DPI] cpu scope = TOP.ysyxSoCFull.asic.cpu.cpu
[1;36mARGS: 
[0mArgument[0]: ./obj_dir/Vtop
Argument[1]: /home/wang/InternalDependent_ysyx-workbench/am-kernels/benchmarks/microbench/build/microbench-riscv32e-ysyxsoc.bin
Argument[2]: -b
[FLASH] loaded 31144 byte(s) from /home/wang/InternalDependent_ysyx-workbench/am-kernels/benchmarks/microbench/build/microbench-riscv32e-ysyxsoc.bin
Reset Released. Starting execution...
[1;36mELF file mapped successfully: [0m/home/wang/InternalDependent_ysyx-workbench/am-kernels/benchmarks/microbench/build/microbench-riscv32e-ysyxsoc.elf
  Entry point: 0x30000000
  Section header table offset: 0xb5d8
  Number of section headers: 12
Find 87 functions overall.
0: format_time: Start Addr: 0xa00000dc, End Addr: 0xa00001d4
1: myqsort: Start Addr: 0xa0000d2c, End Addr: 0xa0000e00
2: _ZNK14Updatable_heapI8N_puzzleILi4EEE7pointerERKS1_.isra.0: Start Addr: 0xa00023a0, End Addr: 0xa000241c
3: _ZL9radixPassPiS_S_ii: Start Addr: 0xa00037d4, End Addr: 0xa0003900
4: dfs: Start Addr: 0xa0004a8c, End Addr: 0xa0004b24
5: bench_memcpy.part.0: Start Addr: 0xa0004d18, End Addr: 0xa0004d40
6: __am_timer_config: Start Addr: 0xa0005878, End Addr: 0xa0005888
7: __am_input_config: Start Addr: 0xa000593c, End Addr: 0xa0005948
8: __am_uart_config: Start Addr: 0xa0005948, End Addr: 0xa0005954
9: fail: Start Addr: 0xa0005954, End Addr: 0xa00059bc
10: number_to_str.part.0: Start Addr: 0xa0005c38, End Addr: 0xa0005d04
11: bench_lzip_prepare: Start Addr: 0xa0004bd0, End Addr: 0xa0004c98
12: _ZN8N_puzzleILi4EEC2EPi: Start Addr: 0xa00025fc, End Addr: 0xa0002794
13: bench_sieve_prepare: Start Addr: 0xa0005474, End Addr: 0xa00054fc
14: _ZN14Updatable_heapI8N_puzzleILi4EEE14percolate_downEv: Start Addr: 0xa0002aec, End Addr: 0xa0002c34
15: printf: Start Addr: 0xa0005d04, End Addr: 0xa0005ea0
16: _trm_init: Start Addr: 0xa00056ac, End Addr: 0xa00056e8
17: _ZNK8N_puzzleILi4EE8solvableEv: Start Addr: 0xa0002794, End Addr: 0xa0002864
18: bench_ssort_validate: Start Addr: 0xa0003ffc, End Addr: 0xa0004040
19: __am_gpu_status: Start Addr: 0xa0005bf4, End Addr: 0xa0005c00
20: bench_srand: Start Addr: 0xa0000764, End Addr: 0xa0000778
21: bench_qsort_validate: Start Addr: 0xa0000ec4, End Addr: 0xa0000f08
22: bench_alloc: Start Addr: 0xa00006bc, End Addr: 0xa0000764
23: __hidden___udivsi3: Start Addr: 0xa00056f0, End Addr: 0xa0005738
24: __udivsi3: Start Addr: 0xa00056f0, End Addr: 0xa0005738
25: ioe_read: Start Addr: 0xa0005a10, End Addr: 0xa0005a2c
26: bench_md5_validate: Start Addr: 0xa0000cf4, End Addr: 0xa0000d2c
27: _ZN8N_puzzleILi4EEC1Ev: Start Addr: 0xa0002440, End Addr: 0xa00025fc
28: __udivmoddi4: Start Addr: 0xa0006060, End Addr: 0xa0006468
29: __am_uart_rx: Start Addr: 0xa0005c00, End Addr: 0xa0005c1c
30: bench_dinic_run: Start Addr: 0xa0001cbc, End Addr: 0xa0002380
31: __am_gpu_config: Start Addr: 0xa0005af8, End Addr: 0xa0005b1c
32: bench_15pz_validate: Start Addr: 0xa0002420, End Addr: 0xa0002440
33: __umoddi3: Start Addr: 0xa0006470, End Addr: 0xa00064a4
34: __am_input_keybrd: Start Addr: 0xa0005a2c, End Addr: 0xa0005af4
35: __udivdi3: Start Addr: 0xa0006468, End Addr: 0xa0006470
36: putch: Start Addr: 0xa000568c, End Addr: 0xa00056a4
37: bench_fib_validate: Start Addr: 0xa0004a30, End Addr: 0xa0004a8c
38: bench_bf_run: Start Addr: 0xa000415c, End Addr: 0xa0004584
39: bench_dinic_prepare: Start Addr: 0xa00018c0, End Addr: 0xa0001cbc
40: bench_sieve_run: Start Addr: 0xa00054fc, End Addr: 0xa000566c
41: bench_qsort_prepare: Start Addr: 0xa0000e00, End Addr: 0xa0000eac
42: __umodsi3: Start Addr: 0xa0005738, End Addr: 0xa0005748
43: __am_gpu_fbdraw: Start Addr: 0xa0005b1c, End Addr: 0xa0005bf4
44: _fsbl: Start Addr: 0x30000000, End Addr: 0x30000000
45: __clzsi2: Start Addr: 0xa00064a4, End Addr: 0xa000653c
46: bench_15pz_run: Start Addr: 0xa0002c34, End Addr: 0xa00037d4
47: _start: Start Addr: 0xa0000000, End Addr: 0xa00000dc
48: qlz_compress: Start Addr: 0xa0004d40, End Addr: 0xa0005474
49: __am_timer_uptime: Start Addr: 0xa0005888, End Addr: 0xa000593c
50: _ZN8N_puzzleILi4EEC2Ev: Start Addr: 0xa0002440, End Addr: 0xa00025fc
51: bench_fib_run: Start Addr: 0xa0004680, End Addr: 0xa0004a30
52: __mulsi3: Start Addr: 0xa000579c, End Addr: 0xa00057c0
53: bench_ssort_run: Start Addr: 0xa0003fdc, End Addr: 0xa0003ffc
54: __am_gpu_init: Start Addr: 0xa0005af4, End Addr: 0xa0005af8
55: bench_fib_prepare: Start Addr: 0xa00045f4, End Addr: 0xa0004680
56: bench_rand: Start Addr: 0xa0000778, End Addr: 0xa00007c8
57: bench_sieve_validate: Start Addr: 0xa000566c, End Addr: 0xa000568c
58: bench_md5_run: Start Addr: 0xa0000920, End Addr: 0xa0000cf4
59: bench_lzip_run: Start Addr: 0xa0004c98, End Addr: 0xa0004cd8
60: bench_lzip_validate: Start Addr: 0xa0004cd8, End Addr: 0xa0004d18
61: bench_bf_prepare: Start Addr: 0xa0004040, End Addr: 0xa000415c
62: main: Start Addr: 0xa00001d4, End Addr: 0xa00006bc
63: bench_ssort_prepare: Start Addr: 0xa0003f20, End Addr: 0xa0003fdc
64: __divsi3: Start Addr: 0xa00056e8, End Addr: 0xa000576c
65: strcmp: Start Addr: 0xa000601c, End Addr: 0xa0006060
66: sprintf: Start Addr: 0xa0005ea0, End Addr: 0xa000601c
67: ioe_init: Start Addr: 0xa00059bc, End Addr: 0xa0005a10
68: bench_md5_prepare: Start Addr: 0xa0000888, End Addr: 0xa0000920
69: _ZN14Updatable_heapI8N_puzzleILi4EEE4pushERKS1_i: Start Addr: 0xa00028e4, End Addr: 0xa0002aec
70: _ZN5Dinic3DFSEii: Start Addr: 0xa0000f08, End Addr: 0xa00018c0
71: bench_dinic_validate: Start Addr: 0xa0002380, End Addr: 0xa00023a0
72: bench_bf_validate: Start Addr: 0xa0004584, End Addr: 0xa00045f4
73: __ctzsi2: Start Addr: 0xa000653c, End Addr: 0xa00065b0
74: _ZN14Updatable_heapI8N_puzzleILi4EEE12percolate_upEi: Start Addr: 0xa0002864, End Addr: 0xa00028e4
75: _Z11suffixArrayPiS_ii: Start Addr: 0xa0003900, End Addr: 0xa0003f20
76: halt: Start Addr: 0xa00056a4, End Addr: 0xa00056ac
77: __am_uart_tx: Start Addr: 0xa0005c1c, End Addr: 0xa0005c38
78: bench_queen_validate: Start Addr: 0xa0004bb0, End Addr: 0xa0004bd0
79: __modsi3: Start Addr: 0xa000576c, End Addr: 0xa000579c
80: bench_queen_run: Start Addr: 0xa0004b50, End Addr: 0xa0004bb0
81: checksum: Start Addr: 0xa00007c8, End Addr: 0xa0000888
82: __muldi3: Start Addr: 0xa00057c0, End Addr: 0xa0005878
83: bench_qsort_run: Start Addr: 0xa0000eac, End Addr: 0xa0000ec4
84: bench_queen_prepare: Start Addr: 0xa0004b24, End Addr: 0xa0004b50
85: bench_15pz_prepare: Start Addr: 0xa000241c, End Addr: 0xa0002420
86: _ZN8N_puzzleILi4EEC1EPi: Start Addr: 0xa00025fc, End Addr: 0xa0002794
======= Running MicroBench [input *ref*] =======
[qsort] Quick sort: 