[DPI] cpu scope = TOP.ysyxSoCFull.asic.cpu.cpu
[1;36mARGS: 
[0mArgument[0]: /home/wang/InternalDependent_ysyx-workbench/npc/obj_dir/Vtop
Argument[1]: build/fib-riscv32e-ysyxsoc.bin
Argument[2]: -b
[MROM] loaded 656 byte(s) from build/fib-riscv32e-ysyxsoc.bin
Reset Released. Starting execution...
[1;36mELF file mapped successfully: [0mbuild/fib-riscv32e-ysyxsoc.elf
  Entry point: 0x20000000
  Section header table offset: 0x256c
  Number of section headers: 9
Find 5 functions overall.
0: _trm_init: Start Addr: 0x200000f4, End Addr: 0x20000110
1: check: Start Addr: 0x20000060, End Addr: 0x20000078
2: _start: Start Addr: 0x20000000, End Addr: 0x20000060
3: main: Start Addr: 0x20000078, End Addr: 0x200000ec
4: halt: Start Addr: 0x200000ec, End Addr: 0x200000f4
[1;31mIFU visit unexpected addr
[0m[1;31m
[HIT BAD TRAP]
[0mPC: [0x00000000]
x0 : 0x00000000  x1 : 0x00000000  
x2 : 0x0f001ff4  x3 : 0x00000000  
x4 : 0x00000000  x5 : 0x00000000  
x6 : 0x00000000  x7 : 0x00000000  
x8 : 0x00000000  x9 : 0x00000000  
x10: 0x00000000  x11: 0x0f000140  
x12: 0x0f000140  x13: 0x00000000  
x14: 0x00000000  x15: 0x0f000138  
x16: 0x00000000  x17: 0x00000000  
x18: 0x00000000  x19: 0x00000000  
x20: 0x00000000  x21: 0x00000000  
x22: 0x00000000  x23: 0x00000000  
x24: 0x00000000  x25: 0x00000000  
x26: 0x00000000  x27: 0x00000000  
x28: 0x00000000  x29: 0x00000000  
x30: 0x00000000  x31: 0x00000000  

mtvec:   0x00000000
mepc:    0x00000000
mcause:  0x00000000
mstatus: 0x00001800
mcycle: 2529
