%Warning-TIMESCALEMOD: vsrc/axi/axi4_xbar.sv:15:8: Timescale missing on this module as other modules have it (IEEE 1800-2017 3.14.2.3)
   15 | module ysyx_26040135_AXI4_Xbar (
      |        ^~~~~~~~~~~~~~~~~~~~~~~
                       .xbar_tb/xbar_tb.sv:5:8: ... Location of module with timescale
    5 | module xbar_tb;
      |        ^~~~~~~
                       ... For warning description see https://verilator.org/warn/TIMESCALEMOD?v=5.008
                       ... Use "/* verilator lint_off TIMESCALEMOD */" and lint_on around source to disable this message.
%Warning-TIMESCALEMOD: vsrc/axi/axi_clint.sv:44:8: Timescale missing on this module as other modules have it (IEEE 1800-2017 3.14.2.3)
   44 | module ysyx_26040135_AXI_CLINT (
      |        ^~~~~~~~~~~~~~~~~~~~~~~
                       .xbar_tb/xbar_tb.sv:5:8: ... Location of module with timescale
    5 | module xbar_tb;
      |        ^~~~~~~
make: Entering directory '/home/wang/InternalDependent_ysyx-workbench/npc/.xbar_obj'
ccache g++  -I.  -MMD -I/usr/local/share/verilator/include -I/usr/local/share/verilator/include/vltstd -DVM_COVERAGE=0 -DVM_SC=0 -DVM_TRACE=0 -DVM_TRACE_FST=0 -DVM_TRACE_VCD=0 -faligned-new -fcf-protection=none -Wno-bool-operation -Wno-sign-compare -Wno-uninitialized -Wno-unused-but-set-variable -Wno-unused-parameter -Wno-unused-variable -Wno-shadow     -DVL_TIME_CONTEXT   -fcoroutines -Os -c -o verilated.o /usr/local/share/verilator/include/verilated.cpp
ccache g++  -I.  -MMD -I/usr/local/share/verilator/include -I/usr/local/share/verilator/include/vltstd -DVM_COVERAGE=0 -DVM_SC=0 -DVM_TRACE=0 -DVM_TRACE_FST=0 -DVM_TRACE_VCD=0 -faligned-new -fcf-protection=none -Wno-bool-operation -Wno-sign-compare -Wno-uninitialized -Wno-unused-but-set-variable -Wno-unused-parameter -Wno-unused-variable -Wno-shadow     -DVL_TIME_CONTEXT   -fcoroutines -Os -c -o verilated_timing.o /usr/local/share/verilator/include/verilated_timing.cpp
ccache g++  -I.  -MMD -I/usr/local/share/verilator/include -I/usr/local/share/verilator/include/vltstd -DVM_COVERAGE=0 -DVM_SC=0 -DVM_TRACE=0 -DVM_TRACE_FST=0 -DVM_TRACE_VCD=0 -faligned-new -fcf-protection=none -Wno-bool-operation -Wno-sign-compare -Wno-uninitialized -Wno-unused-but-set-variable -Wno-unused-parameter -Wno-unused-variable -Wno-shadow     -DVL_TIME_CONTEXT   -fcoroutines -Os -c -o verilated_threads.o /usr/local/share/verilator/include/verilated_threads.cpp
/usr/bin/python3 /usr/local/share/verilator/bin/verilator_includer -DVL_INCLUDE_OPT=include Vxbar_tb.cpp Vxbar_tb___024root__DepSet_h6a428bc5__0.cpp Vxbar_tb___024root__DepSet_h89cd8af6__0.cpp Vxbar_tb_ysyx_26040135_AXI4__DepSet_hbd58ff36__0.cpp Vxbar_tb__main.cpp Vxbar_tb__ConstPool_0.cpp Vxbar_tb___024root__Slow.cpp Vxbar_tb___024root__DepSet_h6a428bc5__0__Slow.cpp Vxbar_tb___024root__DepSet_h89cd8af6__0__Slow.cpp Vxbar_tb_ysyx_26040135_AXI4__Slow.cpp Vxbar_tb_ysyx_26040135_AXI4__DepSet_hbd58ff36__0__Slow.cpp Vxbar_tb__Syms.cpp > Vxbar_tb__ALL.cpp
ccache g++  -I.  -MMD -I/usr/local/share/verilator/include -I/usr/local/share/verilator/include/vltstd -DVM_COVERAGE=0 -DVM_SC=0 -DVM_TRACE=0 -DVM_TRACE_FST=0 -DVM_TRACE_VCD=0 -faligned-new -fcf-protection=none -Wno-bool-operation -Wno-sign-compare -Wno-uninitialized -Wno-unused-but-set-variable -Wno-unused-parameter -Wno-unused-variable -Wno-shadow     -DVL_TIME_CONTEXT   -fcoroutines -Os -c -o Vxbar_tb__ALL.o Vxbar_tb__ALL.cpp
echo "" > Vxbar_tb__ALL.verilator_deplist.tmp
Archive ar -rcs Vxbar_tb__ALL.a Vxbar_tb__ALL.o
g++    verilated.o verilated_timing.o verilated_threads.o Vxbar_tb__ALL.a    -pthread -lpthread -latomic   -o xbar_sim
rm Vxbar_tb__ALL.verilator_deplist.tmp
make: Leaving directory '/home/wang/InternalDependent_ysyx-workbench/npc/.xbar_obj'
